[38;2;203;166;247;1mAgent Output[m [38;2;203;166;247m───────────────────────────────────────────────────────────────────────────────────────────────────────────[m
                                                                                                                        
                                                                                                                        
                                                                                                                        
                                                                                                                        
                                                                                                                        
                                                                                                                        
                                                                                                                        
                                                                                                                        
                                                                                                                        
                                                                                                                        
                                                                                                                        
                                                                                                                        
                                                                                                                        
                                                                                                                        
                                                                                                                        
                                                                                                                        
                                                                                                                        
                                                                                                                        
                                                                                                                        
                                                                                                                        
                                                                                                                        
                                                                                                                        
                                                                                                                        
                                                                                                                        
                                                                                                                        
                                                                                                                        
                                                                                                                        
                                                                                                                        
                                                                                                                        
                                                                                                                        
                                                                                                                        
                                                                                                                        
                                                                                                                        
                                                                                                                        
                                                                                                                        
[38;2;166;173;200m  ──────────────────────────────────────────────────────────────────────────────────────────────────────────────────────[m
  [38;2;166;173;200m> Send a message...                                                                                                  [m 
  [38;2;186;194;222;1mi[m [38;2;166;173;200mtype message[m                                                                                                        
                                                                                                                        