[38;2;203;166;247;1mAgent Output[m [38;2;203;166;247m───────────────────────────────────────────────────────────────────────────────────────────────────────────[m
                                                                                                                        
 [38;2;203;166;247m┃[m                                                                                                                      
 [38;2;203;166;247m┃[m   [38;5;252mWorking on task...                                                                                         [m        
 [38;2;203;166;247m┃[m                                                                                                                      
                                                                                                                        
                                                                                                                        
                                                                                                                        
                                                                                                                        
                                                                                                                        
                                                                                                                        
                                                                                                                        
                                                                                                                        
                                                                                                                        
                                                                                                                        
                                                                                                                        
                                                                                                                        
                                                                                                                        
                                                                                                                        
                                                                                                                        
                                                                                                                        
                                                                                                                        
                                                                                                                        
                                                                                                                        
                                                                                                                        
                                                                                                                        
                                                                                                                        
                                                                                                                        
                                                                                                                        
                                                                                                                        
                                                                                                                        
                                                                                                                        
                                                                                                                        
                                                                                                                        
                                                                                                                        
                                                                                                                        
[38;2;166;173;200m  ──────────────────────────────────────────────────────────────────────────────────────────────────────────────────────[m
  [38;2;166;173;200m> Agent is working...                                                                                     [m [38;2;166;173;200m(3 queued)[m 
  [38;2;186;194;222;1mi[m [38;2;166;173;200mtype message[m                                                                                                        
                                                                                                                        