[38;2;166;173;200;1mAgent Output[m [38;2;88;91;112m───────────────────────────────────────────────────────────────────────────────────────────────────────────[m
                                                                                                                        
 [38;2;203;166;247m┃[m                                                                                                                      
 [38;2;203;166;247m┃[m   [38;5;252mWorking on task...                                                                                         [m        
 [38;2;203;166;247m┃[m                                                                                                                      
                                                                                                                        
                                                                                                                        
                                                                                                                        
                                                                                                                        
                                                                                                                        
                                                                                                                        
                                                                                                                        
                                                                                                                        
                                                                                                                        
                                                                                                                        
                                                                                                                        
                                                                                                                        
                                                                                                                        
                                                                                                                        
                                                                                                                        
                                                                                                                        
                                                                                                                        
                                                                                                                        
                                                                                                                        
                                                                                                                        
                                                                                                                        
                                                                                                                        
                                                                                                                        
                                                                                                                        
                                                                                                                        
                                                                                                                        
                                                                                                                        
                                                                                                                        
                                                                                                                        
                                                                                                                        
                                                                                                                        
[38;2;166;173;200m  ──────────────────────────────────────────────────────────────────────────────────────────────────────────────────────[m
  [38;2;180;190;254m> [38;2;205;214;244mUser typing...[m [38;2;205;214;244m                                                                                                    [m 
  [38;2;186;194;222;1menter[m [38;2;166;173;200msend[m [38;2;88;91;112m.[m [38;2;186;194;222;1mesc[m [38;2;166;173;200mcancel[m                                                                                               
                                                                                                                        