[38;2;203;166;247;1mAgent Output[m [38;2;203;166;247m───────────────────────────────────────────────────────────────────────────────────────────────────────────[m
                                                                                                                        
 [38;2;203;166;247m┃[m                                                                                                                      
 [38;2;203;166;247m┃[m   [38;5;252mWorking on task...                                                                                         [m        
 [38;2;203;166;247m┃[m                                                                                                                      
                                                                                                                        
 [38;2;137;180;250m┃[m                                                                                                                      
 [38;2;137;180;250m┃[m fix the bug                                                                                                          
 [38;2;137;180;250m┃[m [48;2;137;180;250m [38;2;17;17;27;1mQUEUED[39;22m [m                                                                                                             
 [38;2;137;180;250m┃[m                                                                                                                      
                                                                                                                        
 [38;2;137;180;250m┃[m                                                                                                                      
 [38;2;137;180;250m┃[m also update tests                                                                                                    
 [38;2;137;180;250m┃[m [48;2;137;180;250m [38;2;17;17;27;1mQUEUED[39;22m [m                                                                                                             
 [38;2;137;180;250m┃[m                                                                                                                      
                                                                                                                        
                                                                                                                        
                                                                                                                        
                                                                                                                        
                                                                                                                        
                                                                                                                        
                                                                                                                        
                                                                                                                        
                                                                                                                        
                                                                                                                        
                                                                                                                        
                                                                                                                        
                                                                                                                        
                                                                                                                        
                                                                                                                        
                                                                                                                        
                                                                                                                        
                                                                                                                        
                                                                                                                        
                                                                                                                        
                                                                                                                        
[38;2;166;173;200m  ──────────────────────────────────────────────────────────────────────────────────────────────────────────────────────[m
  [38;2;166;173;200m> Agent is working...                                                                                                [m 
  [38;2;186;194;222;1mi[m [38;2;166;173;200mtype message[m                                                                                                        
                                                                                                                        