  [38;2;137;180;250;1m/home/user/project/internal/app/handler.go[m                                                                            
    [38;2;243;139;168;1m× ERROR[m [38;2;166;173;200m[153:21][m [38;2;205;214;244mundefined: conn[m                                                                                    
                                                                                                                        
                                                                                                                        
                                                                                                                        