                                                                                                                        
                                                                                                                        
                                                                                                                        
                                                                                                                        
                                                                                                                        
                                                                                                                        
                                                                                                                        
                                                                                                                        
                                                                                                                        
                                                                                                                        
                                                                                                                        
                                                                                                                        
                                                                                                                        
                                                                                                                        
                                                                                                                        
                               ╭───────────────────────────────────────────────────────╮                                
                               │                                                       │                                
                               │  This is a very long dialog title that might affect   │                                
                               │  layout                                               │                                
                               │                                                       │                                
                               │                        Short message                  │                                
                               │                                                       │                                
                               │                             OK                        │                                
                               │                                                       │                                
                               ╰───────────────────────────────────────────────────────╯                                
                                                                                                                        
                                                                                                                        
                                                                                                                        
                                                                                                                        
                                                                                                                        
                                                                                                                        
                                                                                                                        
                                                                                                                        
                                                                                                                        
                                                                                                                        
                                                                                                                        
                                                                                                                        
                                                                                                                        
                                                                                                                        
                                                                                                                        