                                                                                                                        
                                                                                                                        
                                                                                                                        
                                                                                                                        
                                                                                                                        
                                                                                                                        
                                                                                                                        
                                                                                                                        
                                                                                                                        
                                                                                                                        
                                                                                                                        
                                                                                                                        
                                                                                                                        
                                          ╭──────────────────────────────────╮                                          
                                          │                                  │                                          
                                          │           Multi-line Dialog      │                                          
                                          │                                  │                                          
                                          │     Line 1: First line of        │                                          
                                          │  message                         │                                          
                                          │          Line 2: Second line     │                                          
                                          │  Line 3: Third line with more    │                                          
                                          │  details                         │                                          
                                          │                                  │                                          
                                          │                   OK             │                                          
                                          │                                  │                                          
                                          ╰──────────────────────────────────╯                                          
                                                                                                                        
                                                                                                                        
                                                                                                                        
                                                                                                                        
                                                                                                                        
                                                                                                                        
                                                                                                                        
                                                                                                                        
                                                                                                                        
                                                                                                                        
                                                                                                                        
                                                                                                                        
                                                                                                                        
                                                                                                                        