                                                            
                                                            
                                                            
                                                            
                                                            
             ╭───────────────────────────────╮              
             │                               │              
             │               Confirm         │              
             │                               │              
             │  Are you sure you want to     │              
             │  proceed?                     │              
             │                               │              
             │                 OK            │              
             │                               │              
             ╰───────────────────────────────╯              
                                                            
                                                            
                                                            
                                                            
                                                            