                                                                                                                        
                                                                                                                        
                                                                                                                        
                                                                                                                        
                                                                                                                        
                                                                                                                        
                                                                                                                        
                                                                                                                        
                                                                                                                        
                                                                                                                        
                                                                                                                        
                                                                                                                        
                                                                                                                        
                                                                                                                        
                                                                                                                        
                                            ╭──────────────────────────────╮                                            
                                            │                              │                                            
                                            │              Success         │                                            
                                            │                              │                                            
                                            │  Operation completed         │                                            
                                            │  successfully                │                                            
                                            │                              │                                            
                                            │                 OK           │                                            
                                            │                              │                                            
                                            ╰──────────────────────────────╯                                            
                                                                                                                        
                                                                                                                        
                                                                                                                        
                                                                                                                        
                                                                                                                        
                                                                                                                        
                                                                                                                        
                                                                                                                        
                                                                                                                        
                                                                                                                        
                                                                                                                        
                                                                                                                        
                                                                                                                        
                                                                                                                        
                                                                                                                        