                                                                                                                        
                                                                                                                        
                                                                                                                        
                                                                                                                        
                                                                                                                        
                                                                                                                        
                                                                                                                        
                                                                                                                        
                                                                                                                        
                                                                                                                        
                                                                                                                        
                                                                                                                        
                                                                                                                        
                                                                                                                        
                                                                                                                        
                                              ╭─────────────────────────╮                                               
                                              │                         │                                               
                                              │             Error       │                                               
                                              │                         │                                               
                                              │  Failed to connect to   │                                               
                                              │  server                 │                                               
                                              │                         │                                               
                                              │              OK         │                                               
                                              │                         │                                               
                                              ╰─────────────────────────╯                                               
                                                                                                                        
                                                                                                                        
                                                                                                                        
                                                                                                                        
                                                                                                                        
                                                                                                                        
                                                                                                                        
                                                                                                                        
                                                                                                                        
                                                                                                                        
                                                                                                                        
                                                                                                                        
                                                                                                                        
                                                                                                                        
                                                                                                                        