[38;2;203;166;247m⠋[m                                                                                                                       
                                                                                                                        
                                                                                                                        