  [38;2;243;139;168m×[m [38;2;137;180;250;1mMcp_bash[m [38;2;166;173;200mgo build ./... (description=Run build command)[m                                                             
                                                                                                                        
[38;2;243;139;168mexit status 1: compilation failed[m                                                                                       
[38;2;243;139;168mundefined: missingFunction[m                                                                                              
                                                                                                                        
                                                                                                                        
                                                                                                                        
                                                                                                                        
                                                                                                                        
                                                                                                                        